-encoding
UTF-8
-source
1.5
-classpath
/home/sannies2/.m2/repository/org/aspectj/aspectjrt/1.7.0/aspectjrt-1.7.0.jar:/home/sannies2/.m2/repository/junit/junit/4.10/junit-4.10.jar:/home/sannies2/.m2/repository/commons-io/commons-io/2.1/commons-io-2.1.jar:/home/sannies2/.m2/repository/commons-codec/commons-codec/1.5/commons-codec-1.5.jar:/home/sannies2/scm/svn/mp4parser-clean/target/checkout/isoparser/target/classes
-d
/home/sannies2/scm/svn/mp4parser-clean/target/checkout/isoparser/target/classes
/home/sannies2/scm/svn/mp4parser-clean/target/checkout/isoparser/src/main/java/com/googlecode/mp4parser/srt/SrtParser.java
/home/sannies2/scm/svn/mp4parser-clean/target/checkout/isoparser/src/main/java/com/googlecode/mp4parser/FullContainerBox.java
/home/sannies2/scm/svn/mp4parser-clean/target/checkout/isoparser/src/main/java/com/googlecode/mp4parser/boxes/basemediaformat/TrackEncryptionBox.java
/home/sannies2/scm/svn/mp4parser-clean/target/checkout/isoparser/src/main/java/com/googlecode/mp4parser/boxes/basemediaformat/AvcNalUnitStorageBox.java
/home/sannies2/scm/svn/mp4parser-clean/target/checkout/isoparser/src/main/java/com/googlecode/mp4parser/boxes/basemediaformat/SampleEncryptionBox.java
/home/sannies2/scm/svn/mp4parser-clean/target/checkout/isoparser/src/main/java/com/googlecode/mp4parser/boxes/AC3SpecificBox.java
/home/sannies2/scm/svn/mp4parser-clean/target/checkout/isoparser/src/main/java/com/googlecode/mp4parser/boxes/apple/PixelAspectRationAtom.java
/home/sannies2/scm/svn/mp4parser-clean/target/checkout/isoparser/src/main/java/com/googlecode/mp4parser/boxes/apple/TrackEncodedPixelsDimensionsAtom.java
/home/sannies2/scm/svn/mp4parser-clean/target/checkout/isoparser/src/main/java/com/googlecode/mp4parser/boxes/apple/TrackProductionApertureDimensionsAtom.java
/home/sannies2/scm/svn/mp4parser-clean/target/checkout/isoparser/src/main/java/com/googlecode/mp4parser/boxes/apple/TimeCodeBox.java
/home/sannies2/scm/svn/mp4parser-clean/target/checkout/isoparser/src/main/java/com/googlecode/mp4parser/boxes/apple/CleanApertureAtom.java
/home/sannies2/scm/svn/mp4parser-clean/target/checkout/isoparser/src/main/java/com/googlecode/mp4parser/boxes/apple/BaseMediaInfoAtom.java
/home/sannies2/scm/svn/mp4parser-clean/target/checkout/isoparser/src/main/java/com/googlecode/mp4parser/boxes/apple/QuicktimeTextSampleEntry.java
/home/sannies2/scm/svn/mp4parser-clean/target/checkout/isoparser/src/main/java/com/googlecode/mp4parser/boxes/apple/GenericMediaHeaderAtom.java
/home/sannies2/scm/svn/mp4parser-clean/target/checkout/isoparser/src/main/java/com/googlecode/mp4parser/boxes/apple/GenericMediaHeaderTextAtom.java
/home/sannies2/scm/svn/mp4parser-clean/target/checkout/isoparser/src/main/java/com/googlecode/mp4parser/boxes/apple/TrackApertureModeDimensionAtom.java
/home/sannies2/scm/svn/mp4parser-clean/target/checkout/isoparser/src/main/java/com/googlecode/mp4parser/boxes/apple/TrackLoadSettingsAtom.java
/home/sannies2/scm/svn/mp4parser-clean/target/checkout/isoparser/src/main/java/com/googlecode/mp4parser/boxes/EC3SpecificBox.java
/home/sannies2/scm/svn/mp4parser-clean/target/checkout/isoparser/src/main/java/com/googlecode/mp4parser/boxes/threegpp26245/FontTableBox.java
/home/sannies2/scm/svn/mp4parser-clean/target/checkout/isoparser/src/main/java/com/googlecode/mp4parser/boxes/MLPSpecificBox.java
/home/sannies2/scm/svn/mp4parser-clean/target/checkout/isoparser/src/main/java/com/googlecode/mp4parser/boxes/threegpp26244/SegmentIndexBox.java
/home/sannies2/scm/svn/mp4parser-clean/target/checkout/isoparser/src/main/java/com/googlecode/mp4parser/boxes/AbstractTrackEncryptionBox.java
/home/sannies2/scm/svn/mp4parser-clean/target/checkout/isoparser/src/main/java/com/googlecode/mp4parser/boxes/DTSSpecificBox.java
/home/sannies2/scm/svn/mp4parser-clean/target/checkout/isoparser/src/main/java/com/googlecode/mp4parser/boxes/cenc/ProtectionSystemSpecificHeaderBox.java
/home/sannies2/scm/svn/mp4parser-clean/target/checkout/isoparser/src/main/java/com/googlecode/mp4parser/boxes/piff/TfxdBox.java
/home/sannies2/scm/svn/mp4parser-clean/target/checkout/isoparser/src/main/java/com/googlecode/mp4parser/boxes/piff/PiffSampleEncryptionBox.java
/home/sannies2/scm/svn/mp4parser-clean/target/checkout/isoparser/src/main/java/com/googlecode/mp4parser/boxes/piff/PiffTrackEncryptionBox.java
/home/sannies2/scm/svn/mp4parser-clean/target/checkout/isoparser/src/main/java/com/googlecode/mp4parser/boxes/piff/TfrfBox.java
/home/sannies2/scm/svn/mp4parser-clean/target/checkout/isoparser/src/main/java/com/googlecode/mp4parser/boxes/piff/PlayReadyHeader.java
/home/sannies2/scm/svn/mp4parser-clean/target/checkout/isoparser/src/main/java/com/googlecode/mp4parser/boxes/piff/UuidBasedProtectionSystemSpecificHeaderBox.java
/home/sannies2/scm/svn/mp4parser-clean/target/checkout/isoparser/src/main/java/com/googlecode/mp4parser/boxes/piff/ProtectionSpecificHeader.java
/home/sannies2/scm/svn/mp4parser-clean/target/checkout/isoparser/src/main/java/com/googlecode/mp4parser/boxes/AbstractSampleEncryptionBox.java
/home/sannies2/scm/svn/mp4parser-clean/target/checkout/isoparser/src/main/java/com/googlecode/mp4parser/boxes/mp4/AbstractDescriptorBox.java
/home/sannies2/scm/svn/mp4parser-clean/target/checkout/isoparser/src/main/java/com/googlecode/mp4parser/boxes/mp4/ObjectDescriptorBox.java
/home/sannies2/scm/svn/mp4parser-clean/target/checkout/isoparser/src/main/java/com/googlecode/mp4parser/boxes/mp4/ESDescriptorBox.java
/home/sannies2/scm/svn/mp4parser-clean/target/checkout/isoparser/src/main/java/com/googlecode/mp4parser/boxes/mp4/samplegrouping/VisualRandomAccessEntry.java
/home/sannies2/scm/svn/mp4parser-clean/target/checkout/isoparser/src/main/java/com/googlecode/mp4parser/boxes/mp4/samplegrouping/CencSampleEncryptionInformationGroupEntry.java
/home/sannies2/scm/svn/mp4parser-clean/target/checkout/isoparser/src/main/java/com/googlecode/mp4parser/boxes/mp4/samplegrouping/GroupEntry.java
/home/sannies2/scm/svn/mp4parser-clean/target/checkout/isoparser/src/main/java/com/googlecode/mp4parser/boxes/mp4/samplegrouping/RateShareEntry.java
/home/sannies2/scm/svn/mp4parser-clean/target/checkout/isoparser/src/main/java/com/googlecode/mp4parser/boxes/mp4/samplegrouping/SampleToGroupBox.java
/home/sannies2/scm/svn/mp4parser-clean/target/checkout/isoparser/src/main/java/com/googlecode/mp4parser/boxes/mp4/samplegrouping/UnknownEntry.java
/home/sannies2/scm/svn/mp4parser-clean/target/checkout/isoparser/src/main/java/com/googlecode/mp4parser/boxes/mp4/samplegrouping/RollRecoveryEntry.java
/home/sannies2/scm/svn/mp4parser-clean/target/checkout/isoparser/src/main/java/com/googlecode/mp4parser/boxes/mp4/samplegrouping/SampleGroupDescriptionBox.java
/home/sannies2/scm/svn/mp4parser-clean/target/checkout/isoparser/src/main/java/com/googlecode/mp4parser/boxes/mp4/samplegrouping/TemporalLevelEntry.java
/home/sannies2/scm/svn/mp4parser-clean/target/checkout/isoparser/src/main/java/com/googlecode/mp4parser/boxes/mp4/objectdescriptors/DecoderConfigDescriptor.java
/home/sannies2/scm/svn/mp4parser-clean/target/checkout/isoparser/src/main/java/com/googlecode/mp4parser/boxes/mp4/objectdescriptors/DecoderSpecificInfo.java
/home/sannies2/scm/svn/mp4parser-clean/target/checkout/isoparser/src/main/java/com/googlecode/mp4parser/boxes/mp4/objectdescriptors/ExtensionDescriptor.java
/home/sannies2/scm/svn/mp4parser-clean/target/checkout/isoparser/src/main/java/com/googlecode/mp4parser/boxes/mp4/objectdescriptors/SLConfigDescriptor.java
/home/sannies2/scm/svn/mp4parser-clean/target/checkout/isoparser/src/main/java/com/googlecode/mp4parser/boxes/mp4/objectdescriptors/ProfileLevelIndicationDescriptor.java
/home/sannies2/scm/svn/mp4parser-clean/target/checkout/isoparser/src/main/java/com/googlecode/mp4parser/boxes/mp4/objectdescriptors/BitReaderBuffer.java
/home/sannies2/scm/svn/mp4parser-clean/target/checkout/isoparser/src/main/java/com/googlecode/mp4parser/boxes/mp4/objectdescriptors/Descriptor.java
/home/sannies2/scm/svn/mp4parser-clean/target/checkout/isoparser/src/main/java/com/googlecode/mp4parser/boxes/mp4/objectdescriptors/AudioSpecificConfig.java
/home/sannies2/scm/svn/mp4parser-clean/target/checkout/isoparser/src/main/java/com/googlecode/mp4parser/boxes/mp4/objectdescriptors/BitWriterBuffer.java
/home/sannies2/scm/svn/mp4parser-clean/target/checkout/isoparser/src/main/java/com/googlecode/mp4parser/boxes/mp4/objectdescriptors/ExtensionProfileLevelDescriptor.java
/home/sannies2/scm/svn/mp4parser-clean/target/checkout/isoparser/src/main/java/com/googlecode/mp4parser/boxes/mp4/objectdescriptors/ObjectDescriptorFactory.java
/home/sannies2/scm/svn/mp4parser-clean/target/checkout/isoparser/src/main/java/com/googlecode/mp4parser/boxes/mp4/objectdescriptors/ObjectDescriptorBase.java
/home/sannies2/scm/svn/mp4parser-clean/target/checkout/isoparser/src/main/java/com/googlecode/mp4parser/boxes/mp4/objectdescriptors/InitialObjectDescriptor.java
/home/sannies2/scm/svn/mp4parser-clean/target/checkout/isoparser/src/main/java/com/googlecode/mp4parser/boxes/mp4/objectdescriptors/UnknownDescriptor.java
/home/sannies2/scm/svn/mp4parser-clean/target/checkout/isoparser/src/main/java/com/googlecode/mp4parser/boxes/mp4/objectdescriptors/ESDescriptor.java
/home/sannies2/scm/svn/mp4parser-clean/target/checkout/isoparser/src/main/java/com/googlecode/mp4parser/boxes/mp4/objectdescriptors/BaseDescriptor.java
/home/sannies2/scm/svn/mp4parser-clean/target/checkout/isoparser/src/main/java/com/googlecode/mp4parser/boxes/adobe/ActionMessageFormat0SampleEntryBox.java
/home/sannies2/scm/svn/mp4parser-clean/target/checkout/isoparser/src/main/java/com/googlecode/mp4parser/boxes/ultraviolet/BaseLocationBox.java
/home/sannies2/scm/svn/mp4parser-clean/target/checkout/isoparser/src/main/java/com/googlecode/mp4parser/boxes/ultraviolet/AssetInformationBox.java
/home/sannies2/scm/svn/mp4parser-clean/target/checkout/isoparser/src/main/java/com/googlecode/mp4parser/AbstractContainerBox.java
/home/sannies2/scm/svn/mp4parser-clean/target/checkout/isoparser/src/main/java/com/googlecode/mp4parser/h264/read/CAVLCReader.java
/home/sannies2/scm/svn/mp4parser-clean/target/checkout/isoparser/src/main/java/com/googlecode/mp4parser/h264/read/BitstreamReader.java
/home/sannies2/scm/svn/mp4parser-clean/target/checkout/isoparser/src/main/java/com/googlecode/mp4parser/h264/write/BitstreamWriter.java
/home/sannies2/scm/svn/mp4parser-clean/target/checkout/isoparser/src/main/java/com/googlecode/mp4parser/h264/write/CAVLCWriter.java
/home/sannies2/scm/svn/mp4parser-clean/target/checkout/isoparser/src/main/java/com/googlecode/mp4parser/h264/model/AspectRatio.java
/home/sannies2/scm/svn/mp4parser-clean/target/checkout/isoparser/src/main/java/com/googlecode/mp4parser/h264/model/SeqParameterSet.java
/home/sannies2/scm/svn/mp4parser-clean/target/checkout/isoparser/src/main/java/com/googlecode/mp4parser/h264/model/ScalingMatrix.java
/home/sannies2/scm/svn/mp4parser-clean/target/checkout/isoparser/src/main/java/com/googlecode/mp4parser/h264/model/HRDParameters.java
/home/sannies2/scm/svn/mp4parser-clean/target/checkout/isoparser/src/main/java/com/googlecode/mp4parser/h264/model/ChromaFormat.java
/home/sannies2/scm/svn/mp4parser-clean/target/checkout/isoparser/src/main/java/com/googlecode/mp4parser/h264/model/BitstreamElement.java
/home/sannies2/scm/svn/mp4parser-clean/target/checkout/isoparser/src/main/java/com/googlecode/mp4parser/h264/model/PictureParameterSet.java
/home/sannies2/scm/svn/mp4parser-clean/target/checkout/isoparser/src/main/java/com/googlecode/mp4parser/h264/model/VUIParameters.java
/home/sannies2/scm/svn/mp4parser-clean/target/checkout/isoparser/src/main/java/com/googlecode/mp4parser/h264/model/ScalingList.java
/home/sannies2/scm/svn/mp4parser-clean/target/checkout/isoparser/src/main/java/com/googlecode/mp4parser/h264/CharCache.java
/home/sannies2/scm/svn/mp4parser-clean/target/checkout/isoparser/src/main/java/com/googlecode/mp4parser/h264/BTree.java
/home/sannies2/scm/svn/mp4parser-clean/target/checkout/isoparser/src/main/java/com/googlecode/mp4parser/h264/Debug.java
/home/sannies2/scm/svn/mp4parser-clean/target/checkout/isoparser/src/main/java/com/googlecode/mp4parser/Version.java
/home/sannies2/scm/svn/mp4parser-clean/target/checkout/isoparser/src/main/java/com/googlecode/mp4parser/AbstractFullBox.java
/home/sannies2/scm/svn/mp4parser-clean/target/checkout/isoparser/src/main/java/com/googlecode/mp4parser/util/ByteBufferByteChannel.java
/home/sannies2/scm/svn/mp4parser-clean/target/checkout/isoparser/src/main/java/com/googlecode/mp4parser/util/Path.java
/home/sannies2/scm/svn/mp4parser-clean/target/checkout/isoparser/src/main/java/com/googlecode/mp4parser/util/Math.java
/home/sannies2/scm/svn/mp4parser-clean/target/checkout/isoparser/src/main/java/com/googlecode/mp4parser/util/UUIDConverter.java
/home/sannies2/scm/svn/mp4parser-clean/target/checkout/isoparser/src/main/java/com/googlecode/mp4parser/util/LazyList.java
/home/sannies2/scm/svn/mp4parser-clean/target/checkout/isoparser/src/main/java/com/googlecode/mp4parser/util/CastUtils.java
/home/sannies2/scm/svn/mp4parser-clean/target/checkout/isoparser/src/main/java/com/googlecode/mp4parser/annotations/ParseDetail.java
/home/sannies2/scm/svn/mp4parser-clean/target/checkout/isoparser/src/main/java/com/googlecode/mp4parser/annotations/DoNotParseDetail.java
/home/sannies2/scm/svn/mp4parser-clean/target/checkout/isoparser/src/main/java/com/googlecode/mp4parser/AbstractBox.java
/home/sannies2/scm/svn/mp4parser-clean/target/checkout/isoparser/src/main/java/com/googlecode/mp4parser/authoring/Track.java
/home/sannies2/scm/svn/mp4parser-clean/target/checkout/isoparser/src/main/java/com/googlecode/mp4parser/authoring/container/mp4/MovieCreator.java
/home/sannies2/scm/svn/mp4parser-clean/target/checkout/isoparser/src/main/java/com/googlecode/mp4parser/authoring/Mp4TrackImpl.java
/home/sannies2/scm/svn/mp4parser-clean/target/checkout/isoparser/src/main/java/com/googlecode/mp4parser/authoring/builder/SyncSampleIntersectFinderImpl.java
/home/sannies2/scm/svn/mp4parser-clean/target/checkout/isoparser/src/main/java/com/googlecode/mp4parser/authoring/builder/TwoSecondIntersectionFinder.java
/home/sannies2/scm/svn/mp4parser-clean/target/checkout/isoparser/src/main/java/com/googlecode/mp4parser/authoring/builder/FragmentIntersectionFinder.java
/home/sannies2/scm/svn/mp4parser-clean/target/checkout/isoparser/src/main/java/com/googlecode/mp4parser/authoring/builder/FragmentedMp4Builder.java
/home/sannies2/scm/svn/mp4parser-clean/target/checkout/isoparser/src/main/java/com/googlecode/mp4parser/authoring/builder/Mp4Builder.java
/home/sannies2/scm/svn/mp4parser-clean/target/checkout/isoparser/src/main/java/com/googlecode/mp4parser/authoring/builder/DefaultMp4Builder.java
/home/sannies2/scm/svn/mp4parser-clean/target/checkout/isoparser/src/main/java/com/googlecode/mp4parser/authoring/builder/ByteBufferHelper.java
/home/sannies2/scm/svn/mp4parser-clean/target/checkout/isoparser/src/main/java/com/googlecode/mp4parser/authoring/TrackMetaData.java
/home/sannies2/scm/svn/mp4parser-clean/target/checkout/isoparser/src/main/java/com/googlecode/mp4parser/authoring/Movie.java
/home/sannies2/scm/svn/mp4parser-clean/target/checkout/isoparser/src/main/java/com/googlecode/mp4parser/authoring/adaptivestreaming/AudioQuality.java
/home/sannies2/scm/svn/mp4parser-clean/target/checkout/isoparser/src/main/java/com/googlecode/mp4parser/authoring/adaptivestreaming/FlatManifestWriterImpl.java
/home/sannies2/scm/svn/mp4parser-clean/target/checkout/isoparser/src/main/java/com/googlecode/mp4parser/authoring/adaptivestreaming/AbstractManifestWriter.java
/home/sannies2/scm/svn/mp4parser-clean/target/checkout/isoparser/src/main/java/com/googlecode/mp4parser/authoring/adaptivestreaming/PackageWriter.java
/home/sannies2/scm/svn/mp4parser-clean/target/checkout/isoparser/src/main/java/com/googlecode/mp4parser/authoring/adaptivestreaming/VideoQuality.java
/home/sannies2/scm/svn/mp4parser-clean/target/checkout/isoparser/src/main/java/com/googlecode/mp4parser/authoring/adaptivestreaming/FlatPackageWriterImpl.java
/home/sannies2/scm/svn/mp4parser-clean/target/checkout/isoparser/src/main/java/com/googlecode/mp4parser/authoring/adaptivestreaming/ManifestWriter.java
/home/sannies2/scm/svn/mp4parser-clean/target/checkout/isoparser/src/main/java/com/googlecode/mp4parser/authoring/DateHelper.java
/home/sannies2/scm/svn/mp4parser-clean/target/checkout/isoparser/src/main/java/com/googlecode/mp4parser/authoring/tracks/DivideTimeScaleTrack.java
/home/sannies2/scm/svn/mp4parser-clean/target/checkout/isoparser/src/main/java/com/googlecode/mp4parser/authoring/tracks/AACTrackImpl.java
/home/sannies2/scm/svn/mp4parser-clean/target/checkout/isoparser/src/main/java/com/googlecode/mp4parser/authoring/tracks/ReplaceSampleTrack.java
/home/sannies2/scm/svn/mp4parser-clean/target/checkout/isoparser/src/main/java/com/googlecode/mp4parser/authoring/tracks/CroppedTrack.java
/home/sannies2/scm/svn/mp4parser-clean/target/checkout/isoparser/src/main/java/com/googlecode/mp4parser/authoring/tracks/ChangeTimeScaleTrack.java
/home/sannies2/scm/svn/mp4parser-clean/target/checkout/isoparser/src/main/java/com/googlecode/mp4parser/authoring/tracks/H264TrackImpl.java
/home/sannies2/scm/svn/mp4parser-clean/target/checkout/isoparser/src/main/java/com/googlecode/mp4parser/authoring/tracks/EC3TrackImpl.java
/home/sannies2/scm/svn/mp4parser-clean/target/checkout/isoparser/src/main/java/com/googlecode/mp4parser/authoring/tracks/QuicktimeTextTrackImpl.java
/home/sannies2/scm/svn/mp4parser-clean/target/checkout/isoparser/src/main/java/com/googlecode/mp4parser/authoring/tracks/AppendTrack.java
/home/sannies2/scm/svn/mp4parser-clean/target/checkout/isoparser/src/main/java/com/googlecode/mp4parser/authoring/tracks/AC3TrackImpl.java
/home/sannies2/scm/svn/mp4parser-clean/target/checkout/isoparser/src/main/java/com/googlecode/mp4parser/authoring/tracks/SilenceTrackImpl.java
/home/sannies2/scm/svn/mp4parser-clean/target/checkout/isoparser/src/main/java/com/googlecode/mp4parser/authoring/tracks/Amf0Track.java
/home/sannies2/scm/svn/mp4parser-clean/target/checkout/isoparser/src/main/java/com/googlecode/mp4parser/authoring/tracks/TextTrackImpl.java
/home/sannies2/scm/svn/mp4parser-clean/target/checkout/isoparser/src/main/java/com/googlecode/mp4parser/authoring/tracks/MultiplyTimeScaleTrack.java
/home/sannies2/scm/svn/mp4parser-clean/target/checkout/isoparser/src/main/java/com/googlecode/mp4parser/authoring/AbstractTrack.java
/home/sannies2/scm/svn/mp4parser-clean/target/checkout/isoparser/src/main/java/com/googlecode/mp4parser/RequiresParseDetailAspect.java
/home/sannies2/scm/svn/mp4parser-clean/target/checkout/isoparser/src/main/java/com/coremedia/iso/IsoFile.java
/home/sannies2/scm/svn/mp4parser-clean/target/checkout/isoparser/src/main/java/com/coremedia/iso/ChannelHelper.java
/home/sannies2/scm/svn/mp4parser-clean/target/checkout/isoparser/src/main/java/com/coremedia/iso/boxes/EditListBox.java
/home/sannies2/scm/svn/mp4parser-clean/target/checkout/isoparser/src/main/java/com/coremedia/iso/boxes/KeywordsBox.java
/home/sannies2/scm/svn/mp4parser-clean/target/checkout/isoparser/src/main/java/com/coremedia/iso/boxes/TrackReferenceBox.java
/home/sannies2/scm/svn/mp4parser-clean/target/checkout/isoparser/src/main/java/com/coremedia/iso/boxes/SyncSampleBox.java
/home/sannies2/scm/svn/mp4parser-clean/target/checkout/isoparser/src/main/java/com/coremedia/iso/boxes/ChunkOffset64BitBox.java
/home/sannies2/scm/svn/mp4parser-clean/target/checkout/isoparser/src/main/java/com/coremedia/iso/boxes/OriginalFormatBox.java
/home/sannies2/scm/svn/mp4parser-clean/target/checkout/isoparser/src/main/java/com/coremedia/iso/boxes/ItemDataBox.java
/home/sannies2/scm/svn/mp4parser-clean/target/checkout/isoparser/src/main/java/com/coremedia/iso/boxes/DescriptionBox.java
/home/sannies2/scm/svn/mp4parser-clean/target/checkout/isoparser/src/main/java/com/coremedia/iso/boxes/ItemProtectionBox.java
/home/sannies2/scm/svn/mp4parser-clean/target/checkout/isoparser/src/main/java/com/coremedia/iso/boxes/sampleentry/VisualSampleEntry.java
/home/sannies2/scm/svn/mp4parser-clean/target/checkout/isoparser/src/main/java/com/coremedia/iso/boxes/sampleentry/Ovc1VisualSampleEntryImpl.java
/home/sannies2/scm/svn/mp4parser-clean/target/checkout/isoparser/src/main/java/com/coremedia/iso/boxes/sampleentry/AudioSampleEntry.java
/home/sannies2/scm/svn/mp4parser-clean/target/checkout/isoparser/src/main/java/com/coremedia/iso/boxes/sampleentry/SampleEntry.java
/home/sannies2/scm/svn/mp4parser-clean/target/checkout/isoparser/src/main/java/com/coremedia/iso/boxes/sampleentry/TextSampleEntry.java
/home/sannies2/scm/svn/mp4parser-clean/target/checkout/isoparser/src/main/java/com/coremedia/iso/boxes/sampleentry/AmrSpecificBox.java
/home/sannies2/scm/svn/mp4parser-clean/target/checkout/isoparser/src/main/java/com/coremedia/iso/boxes/sampleentry/SubtitleSampleEntry.java
/home/sannies2/scm/svn/mp4parser-clean/target/checkout/isoparser/src/main/java/com/coremedia/iso/boxes/sampleentry/MpegSampleEntry.java
/home/sannies2/scm/svn/mp4parser-clean/target/checkout/isoparser/src/main/java/com/coremedia/iso/boxes/FreeSpaceBox.java
/home/sannies2/scm/svn/mp4parser-clean/target/checkout/isoparser/src/main/java/com/coremedia/iso/boxes/ObjectDescriptorBox.java
/home/sannies2/scm/svn/mp4parser-clean/target/checkout/isoparser/src/main/java/com/coremedia/iso/boxes/NullMediaHeaderBox.java
/home/sannies2/scm/svn/mp4parser-clean/target/checkout/isoparser/src/main/java/com/coremedia/iso/boxes/ClassificationBox.java
/home/sannies2/scm/svn/mp4parser-clean/target/checkout/isoparser/src/main/java/com/coremedia/iso/boxes/SchemeTypeBox.java
/home/sannies2/scm/svn/mp4parser-clean/target/checkout/isoparser/src/main/java/com/coremedia/iso/boxes/apple/AppleEncoderBox.java
/home/sannies2/scm/svn/mp4parser-clean/target/checkout/isoparser/src/main/java/com/coremedia/iso/boxes/apple/AppleStoreAccountTypeBox.java
/home/sannies2/scm/svn/mp4parser-clean/target/checkout/isoparser/src/main/java/com/coremedia/iso/boxes/apple/AppleNetworkBox.java
/home/sannies2/scm/svn/mp4parser-clean/target/checkout/isoparser/src/main/java/com/coremedia/iso/boxes/apple/AppleDataBox.java
/home/sannies2/scm/svn/mp4parser-clean/target/checkout/isoparser/src/main/java/com/coremedia/iso/boxes/apple/AppleIdBox.java
/home/sannies2/scm/svn/mp4parser-clean/target/checkout/isoparser/src/main/java/com/coremedia/iso/boxes/apple/AppleCustomGenreBox.java
/home/sannies2/scm/svn/mp4parser-clean/target/checkout/isoparser/src/main/java/com/coremedia/iso/boxes/apple/AppleShowBox.java
/home/sannies2/scm/svn/mp4parser-clean/target/checkout/isoparser/src/main/java/com/coremedia/iso/boxes/apple/AppleSynopsisBox.java
/home/sannies2/scm/svn/mp4parser-clean/target/checkout/isoparser/src/main/java/com/coremedia/iso/boxes/apple/AppleTvEpisodeNumberBox.java
/home/sannies2/scm/svn/mp4parser-clean/target/checkout/isoparser/src/main/java/com/coremedia/iso/boxes/apple/AppleCoverBox.java
/home/sannies2/scm/svn/mp4parser-clean/target/checkout/isoparser/src/main/java/com/coremedia/iso/boxes/apple/AppleTvSeasonBox.java
/home/sannies2/scm/svn/mp4parser-clean/target/checkout/isoparser/src/main/java/com/coremedia/iso/boxes/apple/AppleReferenceMovieBox.java
/home/sannies2/scm/svn/mp4parser-clean/target/checkout/isoparser/src/main/java/com/coremedia/iso/boxes/apple/AppleWaveBox.java
/home/sannies2/scm/svn/mp4parser-clean/target/checkout/isoparser/src/main/java/com/coremedia/iso/boxes/apple/AppleCopyrightBox.java
/home/sannies2/scm/svn/mp4parser-clean/target/checkout/isoparser/src/main/java/com/coremedia/iso/boxes/apple/AppleGroupingBox.java
/home/sannies2/scm/svn/mp4parser-clean/target/checkout/isoparser/src/main/java/com/coremedia/iso/boxes/apple/AppleArtistBox.java
/home/sannies2/scm/svn/mp4parser-clean/target/checkout/isoparser/src/main/java/com/coremedia/iso/boxes/apple/AppleRatingBox.java
/home/sannies2/scm/svn/mp4parser-clean/target/checkout/isoparser/src/main/java/com/coremedia/iso/boxes/apple/AppleReferenceMovieDescriptorBox.java
/home/sannies2/scm/svn/mp4parser-clean/target/checkout/isoparser/src/main/java/com/coremedia/iso/boxes/apple/AppleAlbumBox.java
/home/sannies2/scm/svn/mp4parser-clean/target/checkout/isoparser/src/main/java/com/coremedia/iso/boxes/apple/AppleDescriptionBox.java
/home/sannies2/scm/svn/mp4parser-clean/target/checkout/isoparser/src/main/java/com/coremedia/iso/boxes/apple/AppleTrackTitleBox.java
/home/sannies2/scm/svn/mp4parser-clean/target/checkout/isoparser/src/main/java/com/coremedia/iso/boxes/apple/AppleGaplessPlaybackBox.java
/home/sannies2/scm/svn/mp4parser-clean/target/checkout/isoparser/src/main/java/com/coremedia/iso/boxes/apple/AppleDataReferenceBox.java
/home/sannies2/scm/svn/mp4parser-clean/target/checkout/isoparser/src/main/java/com/coremedia/iso/boxes/apple/AbstractAppleMetaDataBox.java
/home/sannies2/scm/svn/mp4parser-clean/target/checkout/isoparser/src/main/java/com/coremedia/iso/boxes/apple/AppleNameBox.java
/home/sannies2/scm/svn/mp4parser-clean/target/checkout/isoparser/src/main/java/com/coremedia/iso/boxes/apple/ApplePurchaseDateBox.java
/home/sannies2/scm/svn/mp4parser-clean/target/checkout/isoparser/src/main/java/com/coremedia/iso/boxes/apple/AppleStandardGenreBox.java
/home/sannies2/scm/svn/mp4parser-clean/target/checkout/isoparser/src/main/java/com/coremedia/iso/boxes/apple/AppleTvEpisodeBox.java
/home/sannies2/scm/svn/mp4parser-clean/target/checkout/isoparser/src/main/java/com/coremedia/iso/boxes/apple/AppleItemListBox.java
/home/sannies2/scm/svn/mp4parser-clean/target/checkout/isoparser/src/main/java/com/coremedia/iso/boxes/apple/AppleMediaTypeBox.java
/home/sannies2/scm/svn/mp4parser-clean/target/checkout/isoparser/src/main/java/com/coremedia/iso/boxes/apple/AppleCompilationBox.java
/home/sannies2/scm/svn/mp4parser-clean/target/checkout/isoparser/src/main/java/com/coremedia/iso/boxes/apple/AppleStoreCountryCodeBox.java
/home/sannies2/scm/svn/mp4parser-clean/target/checkout/isoparser/src/main/java/com/coremedia/iso/boxes/apple/AppleAlbumArtistBox.java
/home/sannies2/scm/svn/mp4parser-clean/target/checkout/isoparser/src/main/java/com/coremedia/iso/boxes/apple/AppleTrackNumberBox.java
/home/sannies2/scm/svn/mp4parser-clean/target/checkout/isoparser/src/main/java/com/coremedia/iso/boxes/apple/AppleCommentBox.java
/home/sannies2/scm/svn/mp4parser-clean/target/checkout/isoparser/src/main/java/com/coremedia/iso/boxes/apple/AppleMeanBox.java
/home/sannies2/scm/svn/mp4parser-clean/target/checkout/isoparser/src/main/java/com/coremedia/iso/boxes/apple/AppleSortAlbumBox.java
/home/sannies2/scm/svn/mp4parser-clean/target/checkout/isoparser/src/main/java/com/coremedia/iso/boxes/apple/AppleTrackAuthorBox.java
/home/sannies2/scm/svn/mp4parser-clean/target/checkout/isoparser/src/main/java/com/coremedia/iso/boxes/apple/AppleGenericBox.java
/home/sannies2/scm/svn/mp4parser-clean/target/checkout/isoparser/src/main/java/com/coremedia/iso/boxes/apple/AppleLosslessSpecificBox.java
/home/sannies2/scm/svn/mp4parser-clean/target/checkout/isoparser/src/main/java/com/coremedia/iso/boxes/apple/AppleRecordingYearBox.java
/home/sannies2/scm/svn/mp4parser-clean/target/checkout/isoparser/src/main/java/com/coremedia/iso/boxes/apple/AppleDataRateBox.java
/home/sannies2/scm/svn/mp4parser-clean/target/checkout/isoparser/src/main/java/com/coremedia/iso/boxes/apple/AppleTempBox.java
/home/sannies2/scm/svn/mp4parser-clean/target/checkout/isoparser/src/main/java/com/coremedia/iso/boxes/SoundMediaHeaderBox.java
/home/sannies2/scm/svn/mp4parser-clean/target/checkout/isoparser/src/main/java/com/coremedia/iso/boxes/dece/TrickPlayBox.java
/home/sannies2/scm/svn/mp4parser-clean/target/checkout/isoparser/src/main/java/com/coremedia/iso/boxes/TitleBox.java
/home/sannies2/scm/svn/mp4parser-clean/target/checkout/isoparser/src/main/java/com/coremedia/iso/boxes/CompositionTimeToSample.java
/home/sannies2/scm/svn/mp4parser-clean/target/checkout/isoparser/src/main/java/com/coremedia/iso/boxes/HandlerBox.java
/home/sannies2/scm/svn/mp4parser-clean/target/checkout/isoparser/src/main/java/com/coremedia/iso/boxes/SampleToChunkBox.java
/home/sannies2/scm/svn/mp4parser-clean/target/checkout/isoparser/src/main/java/com/coremedia/iso/boxes/OmaDrmAccessUnitFormatBox.java
/home/sannies2/scm/svn/mp4parser-clean/target/checkout/isoparser/src/main/java/com/coremedia/iso/boxes/TrackBox.java
/home/sannies2/scm/svn/mp4parser-clean/target/checkout/isoparser/src/main/java/com/coremedia/iso/boxes/MediaBox.java
/home/sannies2/scm/svn/mp4parser-clean/target/checkout/isoparser/src/main/java/com/coremedia/iso/boxes/RecordingYearBox.java
/home/sannies2/scm/svn/mp4parser-clean/target/checkout/isoparser/src/main/java/com/coremedia/iso/boxes/SubSampleInformationBox.java
/home/sannies2/scm/svn/mp4parser-clean/target/checkout/isoparser/src/main/java/com/coremedia/iso/boxes/XmlBox.java
/home/sannies2/scm/svn/mp4parser-clean/target/checkout/isoparser/src/main/java/com/coremedia/iso/boxes/MovieBox.java
/home/sannies2/scm/svn/mp4parser-clean/target/checkout/isoparser/src/main/java/com/coremedia/iso/boxes/VideoMediaHeaderBox.java
/home/sannies2/scm/svn/mp4parser-clean/target/checkout/isoparser/src/main/java/com/coremedia/iso/boxes/StaticChunkOffsetBox.java
/home/sannies2/scm/svn/mp4parser-clean/target/checkout/isoparser/src/main/java/com/coremedia/iso/boxes/vodafone/AlbumArtistBox.java
/home/sannies2/scm/svn/mp4parser-clean/target/checkout/isoparser/src/main/java/com/coremedia/iso/boxes/vodafone/ContentDistributorIdBox.java
/home/sannies2/scm/svn/mp4parser-clean/target/checkout/isoparser/src/main/java/com/coremedia/iso/boxes/vodafone/CoverUriBox.java
/home/sannies2/scm/svn/mp4parser-clean/target/checkout/isoparser/src/main/java/com/coremedia/iso/boxes/vodafone/LyricsUriBox.java
/home/sannies2/scm/svn/mp4parser-clean/target/checkout/isoparser/src/main/java/com/coremedia/iso/boxes/ContainerBox.java
/home/sannies2/scm/svn/mp4parser-clean/target/checkout/isoparser/src/main/java/com/coremedia/iso/boxes/SampleAuxiliaryInformationSizesBox.java
/home/sannies2/scm/svn/mp4parser-clean/target/checkout/isoparser/src/main/java/com/coremedia/iso/boxes/DataEntryUrlBox.java
/home/sannies2/scm/svn/mp4parser-clean/target/checkout/isoparser/src/main/java/com/coremedia/iso/boxes/AlbumBox.java
/home/sannies2/scm/svn/mp4parser-clean/target/checkout/isoparser/src/main/java/com/coremedia/iso/boxes/h264/AvcConfigurationBox.java
/home/sannies2/scm/svn/mp4parser-clean/target/checkout/isoparser/src/main/java/com/coremedia/iso/boxes/ProgressiveDownloadInformationBox.java
/home/sannies2/scm/svn/mp4parser-clean/target/checkout/isoparser/src/main/java/com/coremedia/iso/boxes/GenreBox.java
/home/sannies2/scm/svn/mp4parser-clean/target/checkout/isoparser/src/main/java/com/coremedia/iso/boxes/MediaHeaderBox.java
/home/sannies2/scm/svn/mp4parser-clean/target/checkout/isoparser/src/main/java/com/coremedia/iso/boxes/mdat/DummyMap.java
/home/sannies2/scm/svn/mp4parser-clean/target/checkout/isoparser/src/main/java/com/coremedia/iso/boxes/mdat/MediaDataBox.java
/home/sannies2/scm/svn/mp4parser-clean/target/checkout/isoparser/src/main/java/com/coremedia/iso/boxes/mdat/SampleList.java
/home/sannies2/scm/svn/mp4parser-clean/target/checkout/isoparser/src/main/java/com/coremedia/iso/boxes/DataInformationBox.java
/home/sannies2/scm/svn/mp4parser-clean/target/checkout/isoparser/src/main/java/com/coremedia/iso/boxes/BitRateBox.java
/home/sannies2/scm/svn/mp4parser-clean/target/checkout/isoparser/src/main/java/com/coremedia/iso/boxes/SchemeInformationBox.java
/home/sannies2/scm/svn/mp4parser-clean/target/checkout/isoparser/src/main/java/com/coremedia/iso/boxes/FileTypeBox.java
/home/sannies2/scm/svn/mp4parser-clean/target/checkout/isoparser/src/main/java/com/coremedia/iso/boxes/MediaInformationBox.java
/home/sannies2/scm/svn/mp4parser-clean/target/checkout/isoparser/src/main/java/com/coremedia/iso/boxes/SampleSizeBox.java
/home/sannies2/scm/svn/mp4parser-clean/target/checkout/isoparser/src/main/java/com/coremedia/iso/boxes/fragment/TrackFragmentRandomAccessBox.java
/home/sannies2/scm/svn/mp4parser-clean/target/checkout/isoparser/src/main/java/com/coremedia/iso/boxes/fragment/SampleFlags.java
/home/sannies2/scm/svn/mp4parser-clean/target/checkout/isoparser/src/main/java/com/coremedia/iso/boxes/fragment/TrackFragmentHeaderBox.java
/home/sannies2/scm/svn/mp4parser-clean/target/checkout/isoparser/src/main/java/com/coremedia/iso/boxes/fragment/TrackRunBox.java
/home/sannies2/scm/svn/mp4parser-clean/target/checkout/isoparser/src/main/java/com/coremedia/iso/boxes/fragment/TrackExtendsBox.java
/home/sannies2/scm/svn/mp4parser-clean/target/checkout/isoparser/src/main/java/com/coremedia/iso/boxes/fragment/MovieFragmentHeaderBox.java
/home/sannies2/scm/svn/mp4parser-clean/target/checkout/isoparser/src/main/java/com/coremedia/iso/boxes/fragment/TrackFragmentBaseMediaDecodeTimeBox.java
/home/sannies2/scm/svn/mp4parser-clean/target/checkout/isoparser/src/main/java/com/coremedia/iso/boxes/fragment/MovieExtendsHeaderBox.java
/home/sannies2/scm/svn/mp4parser-clean/target/checkout/isoparser/src/main/java/com/coremedia/iso/boxes/fragment/MovieFragmentBox.java
/home/sannies2/scm/svn/mp4parser-clean/target/checkout/isoparser/src/main/java/com/coremedia/iso/boxes/fragment/TrackFragmentBox.java
/home/sannies2/scm/svn/mp4parser-clean/target/checkout/isoparser/src/main/java/com/coremedia/iso/boxes/fragment/MovieExtendsBox.java
/home/sannies2/scm/svn/mp4parser-clean/target/checkout/isoparser/src/main/java/com/coremedia/iso/boxes/fragment/MovieFragmentRandomAccessBox.java
/home/sannies2/scm/svn/mp4parser-clean/target/checkout/isoparser/src/main/java/com/coremedia/iso/boxes/fragment/SegmentTypeBox.java
/home/sannies2/scm/svn/mp4parser-clean/target/checkout/isoparser/src/main/java/com/coremedia/iso/boxes/fragment/MovieFragmentRandomAccessOffsetBox.java
/home/sannies2/scm/svn/mp4parser-clean/target/checkout/isoparser/src/main/java/com/coremedia/iso/boxes/TrackHeaderBox.java
/home/sannies2/scm/svn/mp4parser-clean/target/checkout/isoparser/src/main/java/com/coremedia/iso/boxes/TrackReferenceTypeBox.java
/home/sannies2/scm/svn/mp4parser-clean/target/checkout/isoparser/src/main/java/com/coremedia/iso/boxes/UserBox.java
/home/sannies2/scm/svn/mp4parser-clean/target/checkout/isoparser/src/main/java/com/coremedia/iso/boxes/threegpp26244/LocationInformationBox.java
/home/sannies2/scm/svn/mp4parser-clean/target/checkout/isoparser/src/main/java/com/coremedia/iso/boxes/CopyrightBox.java
/home/sannies2/scm/svn/mp4parser-clean/target/checkout/isoparser/src/main/java/com/coremedia/iso/boxes/FreeBox.java
/home/sannies2/scm/svn/mp4parser-clean/target/checkout/isoparser/src/main/java/com/coremedia/iso/boxes/UnknownBox.java
/home/sannies2/scm/svn/mp4parser-clean/target/checkout/isoparser/src/main/java/com/coremedia/iso/boxes/ProtectionSchemeInformationBox.java
/home/sannies2/scm/svn/mp4parser-clean/target/checkout/isoparser/src/main/java/com/coremedia/iso/boxes/CompositionShiftLeastGreatestAtom.java
/home/sannies2/scm/svn/mp4parser-clean/target/checkout/isoparser/src/main/java/com/coremedia/iso/boxes/UserDataBox.java
/home/sannies2/scm/svn/mp4parser-clean/target/checkout/isoparser/src/main/java/com/coremedia/iso/boxes/TimeToSampleBox.java
/home/sannies2/scm/svn/mp4parser-clean/target/checkout/isoparser/src/main/java/com/coremedia/iso/boxes/AbstractMediaHeaderBox.java
/home/sannies2/scm/svn/mp4parser-clean/target/checkout/isoparser/src/main/java/com/coremedia/iso/boxes/Box.java
/home/sannies2/scm/svn/mp4parser-clean/target/checkout/isoparser/src/main/java/com/coremedia/iso/boxes/PerformerBox.java
/home/sannies2/scm/svn/mp4parser-clean/target/checkout/isoparser/src/main/java/com/coremedia/iso/boxes/RatingBox.java
/home/sannies2/scm/svn/mp4parser-clean/target/checkout/isoparser/src/main/java/com/coremedia/iso/boxes/DataReferenceBox.java
/home/sannies2/scm/svn/mp4parser-clean/target/checkout/isoparser/src/main/java/com/coremedia/iso/boxes/MetaBox.java
/home/sannies2/scm/svn/mp4parser-clean/target/checkout/isoparser/src/main/java/com/coremedia/iso/boxes/ItemLocationBox.java
/home/sannies2/scm/svn/mp4parser-clean/target/checkout/isoparser/src/main/java/com/coremedia/iso/boxes/SampleTableBox.java
/home/sannies2/scm/svn/mp4parser-clean/target/checkout/isoparser/src/main/java/com/coremedia/iso/boxes/FullBox.java
/home/sannies2/scm/svn/mp4parser-clean/target/checkout/isoparser/src/main/java/com/coremedia/iso/boxes/SampleAuxiliaryInformationOffsetsBox.java
/home/sannies2/scm/svn/mp4parser-clean/target/checkout/isoparser/src/main/java/com/coremedia/iso/boxes/EditBox.java
/home/sannies2/scm/svn/mp4parser-clean/target/checkout/isoparser/src/main/java/com/coremedia/iso/boxes/SampleDependencyTypeBox.java
/home/sannies2/scm/svn/mp4parser-clean/target/checkout/isoparser/src/main/java/com/coremedia/iso/boxes/AuthorBox.java
/home/sannies2/scm/svn/mp4parser-clean/target/checkout/isoparser/src/main/java/com/coremedia/iso/boxes/ChunkOffsetBox.java
/home/sannies2/scm/svn/mp4parser-clean/target/checkout/isoparser/src/main/java/com/coremedia/iso/boxes/SubtitleMediaHeaderBox.java
/home/sannies2/scm/svn/mp4parser-clean/target/checkout/isoparser/src/main/java/com/coremedia/iso/boxes/SampleDescriptionBox.java
/home/sannies2/scm/svn/mp4parser-clean/target/checkout/isoparser/src/main/java/com/coremedia/iso/boxes/HintMediaHeaderBox.java
/home/sannies2/scm/svn/mp4parser-clean/target/checkout/isoparser/src/main/java/com/coremedia/iso/boxes/MovieHeaderBox.java
/home/sannies2/scm/svn/mp4parser-clean/target/checkout/isoparser/src/main/java/com/coremedia/iso/boxes/DataEntryUrnBox.java
/home/sannies2/scm/svn/mp4parser-clean/target/checkout/isoparser/src/main/java/com/coremedia/iso/Hex.java
/home/sannies2/scm/svn/mp4parser-clean/target/checkout/isoparser/src/main/java/com/coremedia/iso/Utf8.java
/home/sannies2/scm/svn/mp4parser-clean/target/checkout/isoparser/src/main/java/com/coremedia/iso/IsoTypeReader.java
/home/sannies2/scm/svn/mp4parser-clean/target/checkout/isoparser/src/main/java/com/coremedia/iso/IsoTypeWriterVariable.java
/home/sannies2/scm/svn/mp4parser-clean/target/checkout/isoparser/src/main/java/com/coremedia/iso/IsoTypeReaderVariable.java
/home/sannies2/scm/svn/mp4parser-clean/target/checkout/isoparser/src/main/java/com/coremedia/iso/IsoTypeWriter.java
/home/sannies2/scm/svn/mp4parser-clean/target/checkout/isoparser/src/main/java/com/coremedia/iso/PropertyBoxParserImpl.java
/home/sannies2/scm/svn/mp4parser-clean/target/checkout/isoparser/src/main/java/com/coremedia/iso/AbstractBoxParser.java
/home/sannies2/scm/svn/mp4parser-clean/target/checkout/isoparser/src/main/java/com/coremedia/iso/Ascii.java
/home/sannies2/scm/svn/mp4parser-clean/target/checkout/isoparser/src/main/java/com/coremedia/iso/BoxParser.java
